// Jest Snapshot v1, https://goo.gl/fbAQLP

exports[`Slider should render correctly and match to the Snapshot 1`] = `
<span>
  <label
    className="Typographystyled__TypographyStyled-sc-i22hyo-0 iKdygM"
  >
    Url:
    <br />
    <input
      className="Sliderstyled__SliderStyled-sc-fj8kj3-0 ktJaBw"
      type="range"
    />
  </label>
</span>
`;
